** Drc report for C:\Users\Stratos\Documents\0_projects\attiny85_lora_remote\pcb\attiny85_remote.kicad_pcb **
** Created on 2023-07-04 16:48:23 **

** Found 17 DRC violations **
[courtyards_overlap]: Courtyards overlap
    Local override; Severity: error
    @(191,0750 mm, 100,4000 mm): Footprint BT1
    @(185,7250 mm, 90,5250 mm): Footprint C2
[courtyards_overlap]: Courtyards overlap
    Local override; Severity: error
    @(191,0750 mm, 100,4000 mm): Footprint BT1
    @(196,4250 mm, 90,5250 mm): Footprint C1
[silk_edge_clearance]: Silkscreen clipped by board edge
    Rule: board setup constraints silk; Severity: warning
    @(187,5000 mm, 88,9500 mm): Line on Edge.Cuts
    @(187,5050 mm, 83,9500 mm): Line on B.Silkscreen
[silk_edge_clearance]: Silkscreen clipped by board edge
    Rule: board setup constraints silk; Severity: warning
    @(187,5000 mm, 88,9500 mm): Line on Edge.Cuts
    @(190,2450 mm, 83,9500 mm): Line on B.Silkscreen
[silk_edge_clearance]: Silkscreen clipped by board edge
    Rule: board setup constraints silk; Severity: warning
    @(187,5000 mm, 88,9500 mm): Line on Edge.Cuts
    @(187,5050 mm, 77,4100 mm): Line on B.Silkscreen
[silk_edge_clearance]: Silkscreen clipped by board edge
    Rule: board setup constraints silk; Severity: warning
    @(194,6500 mm, 88,9500 mm): Line on Edge.Cuts
    @(194,6450 mm, 80,2500 mm): Line on B.Silkscreen
[silk_edge_clearance]: Silkscreen clipped by board edge
    Rule: board setup constraints silk; Severity: warning
    @(194,6500 mm, 88,9500 mm): Line on Edge.Cuts
    @(191,9050 mm, 80,2500 mm): Line on B.Silkscreen
[silk_edge_clearance]: Silkscreen clipped by board edge
    Rule: board setup constraints silk; Severity: warning
    @(194,6500 mm, 88,9500 mm): Line on Edge.Cuts
    @(194,6450 mm, 86,7900 mm): Line on B.Silkscreen
[lib_footprint_mismatch]: Footprint 'SolderJumper-3_P1.3mm_Open_Pad1.0x1.5mm' does not match copy in library 'Jumper'.
    Local override; Severity: warning
    @(194,4571 mm, 60,3575 mm): Footprint J2
[lib_footprint_mismatch]: Footprint 'BAT_BS-7' does not match copy in library 'Custom'.
    Local override; Severity: warning
    @(191,0750 mm, 100,4000 mm): Footprint BT1
[silk_overlap]: Silkscreen overlap
    Rule: board setup constraints silk; Severity: warning
    @(187,3250 mm, 89,7100 mm): Line on F.Silkscreen
    @(187,3450 mm, 91,8950 mm): Line on F.Silkscreen
[silk_overlap]: Silkscreen overlap
    Rule: board setup constraints silk; Severity: warning
    @(187,3250 mm, 89,7100 mm): Line on F.Silkscreen
    @(187,3450 mm, 91,8950 mm): Line on F.Silkscreen
[silk_overlap]: Silkscreen overlap
    Rule: board setup constraints silk; Severity: warning
    @(187,3250 mm, 89,7100 mm): Line on F.Silkscreen
    @(187,3450 mm, 91,8950 mm): Line on F.Silkscreen
[silk_overlap]: Silkscreen overlap
    Rule: board setup constraints silk; Severity: warning
    @(194,8050 mm, 89,1550 mm): Line on F.Silkscreen
    @(194,8250 mm, 89,7100 mm): Line on F.Silkscreen
[silk_overlap]: Silkscreen overlap
    Rule: board setup constraints silk; Severity: warning
    @(194,8050 mm, 89,1550 mm): Line on F.Silkscreen
    @(194,8250 mm, 89,7100 mm): Line on F.Silkscreen
[silk_overlap]: Silkscreen overlap
    Rule: board setup constraints silk; Severity: warning
    @(194,8250 mm, 89,7100 mm): Line on F.Silkscreen
    @(194,8050 mm, 91,8950 mm): Line on F.Silkscreen
[silk_overlap]: Silkscreen overlap
    Rule: board setup constraints silk; Severity: warning
    @(188,5913 mm, 52,3913 mm): Rect on B.Silkscreen
    @(192,8500 mm, 57,2500 mm): Circle on B.Silkscreen

** Found 0 unconnected pads **

** Found 19 Footprint errors **
[duplicate_footprints]: Duplicate footprints
    Local override; Severity: warning
    @(187,8150 mm, 46,5250 mm): Footprint REF**
    @(195,3750 mm, 53,8750 mm): Footprint REF**
[duplicate_footprints]: Duplicate footprints
    Local override; Severity: warning
    @(194,3850 mm, 46,5250 mm): Footprint REF**
    @(195,3750 mm, 53,8750 mm): Footprint REF**
[duplicate_footprints]: Duplicate footprints
    Local override; Severity: warning
    @(185,6250 mm, 46,5250 mm): Footprint REF**
    @(195,3750 mm, 53,8750 mm): Footprint REF**
[duplicate_footprints]: Duplicate footprints
    Local override; Severity: warning
    @(190,0050 mm, 46,5250 mm): Footprint REF**
    @(195,3750 mm, 53,8750 mm): Footprint REF**
[duplicate_footprints]: Duplicate footprints
    Local override; Severity: warning
    @(193,9250 mm, 96,2750 mm): Footprint REF**
    @(195,3750 mm, 53,8750 mm): Footprint REF**
[duplicate_footprints]: Duplicate footprints
    Local override; Severity: warning
    @(196,5750 mm, 46,5250 mm): Footprint REF**
    @(195,3750 mm, 53,8750 mm): Footprint REF**
[duplicate_footprints]: Duplicate footprints
    Local override; Severity: warning
    @(188,2250 mm, 96,2750 mm): Footprint REF**
    @(195,3750 mm, 53,8750 mm): Footprint REF**
[duplicate_footprints]: Duplicate footprints
    Local override; Severity: warning
    @(192,1950 mm, 46,5250 mm): Footprint REF**
    @(195,3750 mm, 53,8750 mm): Footprint REF**
[missing_footprint]: Missing footprint IC1 (ATTINY85-20MU)
    Local override; Severity: warning
[extra_footprint]: Extra footprint
    Local override; Severity: warning
    @(195,3750 mm, 53,8750 mm): Footprint REF**
[extra_footprint]: Extra footprint
    Local override; Severity: warning
    @(187,8150 mm, 46,5250 mm): Footprint REF**
[extra_footprint]: Extra footprint
    Local override; Severity: warning
    @(194,3850 mm, 46,5250 mm): Footprint REF**
[extra_footprint]: Extra footprint
    Local override; Severity: warning
    @(185,6250 mm, 46,5250 mm): Footprint REF**
[extra_footprint]: Extra footprint
    Local override; Severity: warning
    @(190,0050 mm, 46,5250 mm): Footprint REF**
[extra_footprint]: Extra footprint
    Local override; Severity: warning
    @(191,1000 mm, 54,9000 mm): Footprint Attiny85
[extra_footprint]: Extra footprint
    Local override; Severity: warning
    @(193,9250 mm, 96,2750 mm): Footprint REF**
[extra_footprint]: Extra footprint
    Local override; Severity: warning
    @(196,5750 mm, 46,5250 mm): Footprint REF**
[extra_footprint]: Extra footprint
    Local override; Severity: warning
    @(188,2250 mm, 96,2750 mm): Footprint REF**
[extra_footprint]: Extra footprint
    Local override; Severity: warning
    @(192,1950 mm, 46,5250 mm): Footprint REF**

** End of Report **
